____        _        
|  _ \ _   _| | _____ 
| | | | | | | |/ / _ \
| |_| | |_| |   <  __/
|____/ \__,_|_|\_\___|

Hello! I'm Duke! How can I help you? (Type 'help' for command usage)
------------------------------------------------------------------------------------------------------------------------
bot@duke:~$ ------------------------------------------------------------------------------------------------------------------------
todo read has been successfully added to the task list.
	[T][ ] read
Now you have 1 task(s) in the list!
------------------------------------------------------------------------------------------------------------------------
bot@duke:~$ ------------------------------------------------------------------------------------------------------------------------
common.exceptions.InvalidTaskDescriptionException: Invalid task description!
------------------------------------------------------------------------------------------------------------------------
bot@duke:~$ ------------------------------------------------------------------------------------------------------------------------
common.exceptions.InvalidTaskDescriptionException: Invalid task description!
------------------------------------------------------------------------------------------------------------------------
bot@duke:~$ ------------------------------------------------------------------------------------------------------------------------
Nice! Task 1 is successfully marked.
	[T][X] read
------------------------------------------------------------------------------------------------------------------------
bot@duke:~$ ------------------------------------------------------------------------------------------------------------------------
common.exceptions.InvalidTaskDescriptionException: Invalid task description!
------------------------------------------------------------------------------------------------------------------------
bot@duke:~$ ------------------------------------------------------------------------------------------------------------------------
Okay, task 1 is successfully unmarked.
	[T][ ] read
------------------------------------------------------------------------------------------------------------------------
bot@duke:~$ ------------------------------------------------------------------------------------------------------------------------
common.exceptions.NotExistTaskException: Task does not exist in the task list.
------------------------------------------------------------------------------------------------------------------------
bot@duke:~$ ------------------------------------------------------------------------------------------------------------------------
Here are the tasks in your task list:
1. [T][ ] read
------------------------------------------------------------------------------------------------------------------------
bot@duke:~$ ------------------------------------------------------------------------------------------------------------------------
todo sleep has been successfully added to the task list.
	[T][ ] read
	[T][ ] sleep
Now you have 2 task(s) in the list!
------------------------------------------------------------------------------------------------------------------------
bot@duke:~$ ------------------------------------------------------------------------------------------------------------------------
common.exceptions.NotExistTaskException: Task does not exist in the task list.
------------------------------------------------------------------------------------------------------------------------
bot@duke:~$ ------------------------------------------------------------------------------------------------------------------------
Bye! Hope to see you again soon!
