____        _        
|  _ \ _   _| | _____ 
| | | | | | | |/ / _ \
| |_| | |_| |   <  __/
|____/ \__,_|_|\_\___|

Hello! I'm Duke! How can I help you? (Type 'help' for command usage)
------------------------------------------------------------------------------------------------------------------------
bot@duke:~$ ------------------------------------------------------------------------------------------------------------------------
todo read has been successfully added to the task list.
	[T][ ] read
Now you have 1 task(s) in the list!
------------------------------------------------------------------------------------------------------------------------
bot@duke:~$ ------------------------------------------------------------------------------------------------------------------------
event meeting /at monday 2pm-3pm has been successfully added to the task list.
	[T][ ] read
	[E][ ] meeting (at: monday 2pm-3pm)
Now you have 2 task(s) in the list!
------------------------------------------------------------------------------------------------------------------------
bot@duke:~$ ------------------------------------------------------------------------------------------------------------------------
event work /at monday to friday has been successfully added to the task list.
	[T][ ] read
	[E][ ] meeting (at: monday 2pm-3pm)
	[E][ ] work (at: monday to friday)
Now you have 3 task(s) in the list!
------------------------------------------------------------------------------------------------------------------------
bot@duke:~$ ------------------------------------------------------------------------------------------------------------------------
Nice! Task 1 is successfully marked.
	[T][X] read
------------------------------------------------------------------------------------------------------------------------
bot@duke:~$ ------------------------------------------------------------------------------------------------------------------------
Invalid task description!
------------------------------------------------------------------------------------------------------------------------
bot@duke:~$ ------------------------------------------------------------------------------------------------------------------------
Okay, task 1 is successfully unmarked.
	[T][ ] read
------------------------------------------------------------------------------------------------------------------------
bot@duke:~$ ------------------------------------------------------------------------------------------------------------------------
Nice! Task 2 is successfully marked.
	[E][X] meeting (at: monday 2pm-3pm)
------------------------------------------------------------------------------------------------------------------------
bot@duke:~$ ------------------------------------------------------------------------------------------------------------------------
Here are the tasks in your task list:
1. [T][ ] read
2. [E][X] meeting (at: monday 2pm-3pm)
3. [E][ ] work (at: monday to friday)
------------------------------------------------------------------------------------------------------------------------
bot@duke:~$ ------------------------------------------------------------------------------------------------------------------------
todo sleep has been successfully added to the task list.
	[T][ ] read
	[E][X] meeting (at: monday 2pm-3pm)
	[E][ ] work (at: monday to friday)
	[T][ ] sleep
Now you have 4 task(s) in the list!
------------------------------------------------------------------------------------------------------------------------
bot@duke:~$ ------------------------------------------------------------------------------------------------------------------------
delete 3 has been successfully deleted to the task list.
	[T][ ] read
	[E][X] meeting (at: monday 2pm-3pm)
	[T][ ] sleep
Now you have 3 task(s) in the list!
------------------------------------------------------------------------------------------------------------------------
bot@duke:~$ ------------------------------------------------------------------------------------------------------------------------
Bye! Hope to see you again soon!
